2026-10-08 08:25:15.278 [main] DEBUG org.example.Main3 - Directorio creado: C:\Users\alumno\miDirectorio
2026-10-08 08:25:15.282 [main] DEBUG org.example.Main3 - normal.txt
2026-10-08 08:29:11.469 [main] DEBUG org.example.Main3 - Directorio creado: C:\Users\alumno\miDirectorio
2026-10-08 08:29:11.472 [main] DEBUG org.example.Main3 - Fichero creado: lectura.txt
2026-10-08 08:29:11.472 [main] DEBUG org.example.Main3 - Fichero creado: normal.txt
2026-10-08 08:29:11.472 [main] DEBUG org.example.Main3 - lectura.txt marcado como solo lectura.
2026-10-08 08:29:11.472 [main] DEBUG org.example.Main3 - normal.txt renombrado a: normal.txt
2026-10-08 08:29:11.474 [main] DEBUG org.example.Main3 - normal.txt
2026-10-08 08:29:58.380 [main] DEBUG org.example.Main3 - Directorio creado: C:\Users\alumno\miDirectorio
2026-10-08 08:29:58.383 [main] DEBUG org.example.Main3 - Fichero creado: lectura.txt
2026-10-08 08:29:58.383 [main] DEBUG org.example.Main3 - Fichero creado: normal.txt
2026-10-08 08:29:58.383 [main] DEBUG org.example.Main3 - lectura.txt marcado como solo lectura.
2026-10-08 08:29:58.384 [main] DEBUG org.example.Main3 - normal.txt renombrado a: normal.txt
2026-10-08 08:31:14.434 [main] DEBUG org.example.Main3 - Directorio creado: C:\Users\alumno\miDirectorio
2026-10-08 08:31:14.437 [main] DEBUG org.example.Main3 - Fichero creado: lectura.txt
2026-10-08 08:31:14.437 [main] DEBUG org.example.Main3 - Fichero creado: normal.txt
2026-10-08 08:31:14.437 [main] DEBUG org.example.Main3 - lectura.txt marcado como solo lectura.
2026-10-08 08:31:14.438 [main] DEBUG org.example.Main3 - normal.txt renombrado a: normal.txt
2026-10-08 08:31:14.438 [main] DEBUG org.example.Main3 - normal.txt
2026-10-08 08:32:13.941 [main] DEBUG org.example.Main3 - Directorio creado: C:\Users\alumno\miDirectorio
2026-10-08 08:32:13.944 [main] DEBUG org.example.Main3 - Fichero creado: lectura.txt
2026-10-08 08:32:13.944 [main] DEBUG org.example.Main3 - Fichero creado: normal.txt
2026-10-08 08:32:13.945 [main] DEBUG org.example.Main3 - lectura.txt marcado como solo lectura.
2026-10-08 08:32:13.945 [main] DEBUG org.example.Main3 - normal.txt renombrado a: normal.txt
2026-10-08 08:32:13.945 [main] DEBUG org.example.Main3 - No se ha podido borrar lectura.txt
2026-10-08 08:32:13.946 [main] DEBUG org.example.Main3 - renombrado.txt
2026-10-08 08:32:58.616 [main] DEBUG org.example.Main3 - Directorio creado: C:\Users\alumno\miDirectorio
2026-10-08 08:32:58.619 [main] DEBUG org.example.Main3 - Fichero creado: lectura.txt
2026-10-08 08:32:58.619 [main] DEBUG org.example.Main3 - Fichero creado: normal.txt
2026-10-08 08:32:58.620 [main] DEBUG org.example.Main3 - lectura.txt marcado como solo lectura.
2026-10-08 08:32:58.620 [main] DEBUG org.example.Main3 - normal.txt renombrado a: normal.txt
2026-10-08 08:32:58.621 [main] DEBUG org.example.Main3 - No se ha podido borrar lectura.txt
2026-10-08 08:32:58.621 [main] DEBUG org.example.Main3 - normal.txt
2026-10-08 08:32:58.621 [main] DEBUG org.example.Main3 - renombrado.txt
2026-10-08 08:33:16.864 [main] DEBUG org.example.Main3 - Directorio creado: C:\Users\alumno\miDirectorio
2026-10-08 08:33:16.867 [main] DEBUG org.example.Main3 - Fichero creado: lectura.txt
2026-10-08 08:33:16.867 [main] DEBUG org.example.Main3 - Fichero creado: normal.txt
2026-10-08 08:33:16.867 [main] DEBUG org.example.Main3 - lectura.txt marcado como solo lectura.
2026-10-08 08:33:16.868 [main] DEBUG org.example.Main3 - normal.txt renombrado a: normal.txt
2026-10-08 08:33:16.868 [main] DEBUG org.example.Main3 - No se ha podido borrar lectura.txt
2026-10-08 08:33:16.868 [main] DEBUG org.example.Main3 - Se borro corrctamente
2026-10-08 08:33:16.868 [main] DEBUG org.example.Main3 - normal.txt
2026-10-08 08:33:16.868 [main] DEBUG org.example.Main3 - renombrado.txt
2026-10-08 08:34:21.575 [main] DEBUG org.example.Main3 - Directorio creado: C:\Users\alumno\miDirectorio
2026-10-08 08:34:21.578 [main] DEBUG org.example.Main3 - Fichero creado: lectura.txt
2026-10-08 08:34:21.578 [main] DEBUG org.example.Main3 - Fichero creado: normal.txt
2026-10-08 08:34:21.578 [main] DEBUG org.example.Main3 - lectura.txt marcado como solo lectura.
2026-10-08 08:34:21.579 [main] DEBUG org.example.Main3 - normal.txt renombrado a: normal.txt
2026-10-08 08:34:21.579 [main] DEBUG org.example.Main3 - No se ha podido borrar lectura.txt
2026-10-08 08:34:21.580 [main] DEBUG org.example.Main3 - normal.txtSe borro corrctamente
2026-10-08 08:34:21.580 [main] DEBUG org.example.Main3 - normal.txt
2026-10-08 08:34:21.581 [main] DEBUG org.example.Main3 - renombrado.txt
2026-10-08 08:34:38.334 [main] DEBUG org.example.Main3 - Directorio creado: C:\Users\alumno\miDirectorio
2026-10-08 08:34:38.336 [main] DEBUG org.example.Main3 - Fichero creado: lectura.txt
2026-10-08 08:34:38.336 [main] DEBUG org.example.Main3 - Fichero creado: normal.txt
2026-10-08 08:34:38.337 [main] DEBUG org.example.Main3 - lectura.txt marcado como solo lectura.
2026-10-08 08:34:38.337 [main] DEBUG org.example.Main3 - normal.txt renombrado a: normal.txt
2026-10-08 08:34:38.337 [main] DEBUG org.example.Main3 - No se ha podido borrar lectura.txt
2026-10-08 08:34:38.338 [main] DEBUG org.example.Main3 - normal.txt Se borro corrctamente
2026-10-08 08:34:38.338 [main] DEBUG org.example.Main3 - normal.txt
2026-10-08 08:34:38.338 [main] DEBUG org.example.Main3 - renombrado.txt
2026-10-08 08:34:45.248 [main] DEBUG org.example.Main3 - Directorio creado: C:\Users\alumno\miDirectorio
2026-10-08 08:34:45.251 [main] DEBUG org.example.Main3 - Fichero creado: lectura.txt
2026-10-08 08:34:45.251 [main] DEBUG org.example.Main3 - Fichero creado: normal.txt
2026-10-08 08:34:45.251 [main] DEBUG org.example.Main3 - lectura.txt marcado como solo lectura.
2026-10-08 08:34:45.252 [main] DEBUG org.example.Main3 - normal.txt renombrado a: normal.txt
2026-10-08 08:34:45.252 [main] DEBUG org.example.Main3 - No se ha podido borrar lectura.txt
2026-10-08 08:34:45.253 [main] DEBUG org.example.Main3 - normal.txt Se borro corrctamente
2026-10-08 08:34:45.253 [main] DEBUG org.example.Main3 - normal.txt
2026-10-08 08:34:45.253 [main] DEBUG org.example.Main3 - renombrado.txt
2026-10-08 08:36:44.088 [main] DEBUG org.example.Main3 - Directorio creado: C:\Users\alumno\miDirectorio
2026-10-08 08:36:44.093 [main] DEBUG org.example.Main3 - Fichero creado: lectura.txt
2026-10-08 08:36:44.093 [main] DEBUG org.example.Main3 - Fichero creado: normal.txt
2026-10-08 08:36:44.094 [main] DEBUG org.example.Main3 - lectura.txt marcado como solo lectura.
2026-10-08 08:36:44.094 [main] DEBUG org.example.Main3 - normal.txt renombrado a: normal.txt
2026-10-08 08:36:44.095 [main] DEBUG org.example.Main3 - No se ha podido borrar lectura.txt
2026-10-08 08:36:44.095 [main] DEBUG org.example.Main3 - normal.txt Se borro corrctamente
2026-10-08 08:36:44.095 [main] DEBUG org.example.Main3 - Contenido de miDirectorio 
2026-10-08 08:36:44.096 [main] DEBUG org.example.Main3 - -normal.txt
2026-10-08 08:36:44.096 [main] DEBUG org.example.Main3 - -renombrado.txt
2026-10-08 08:37:40.331 [main] DEBUG org.example.Main3 - Directorio creado: C:\Users\alumno\miDirectorio
2026-10-08 08:37:40.334 [main] DEBUG org.example.Main3 - Fichero creado: lectura.txt
2026-10-08 08:37:40.334 [main] DEBUG org.example.Main3 - Fichero creado: normal.txt
2026-10-08 08:37:40.334 [main] DEBUG org.example.Main3 - lectura.txt marcado como solo lectura.
2026-10-08 08:37:40.335 [main] DEBUG org.example.Main3 - normal.txt renombrado a: normal.txt
2026-10-08 08:37:40.335 [main] DEBUG org.example.Main3 - No se ha podido borrar lectura.txt
2026-10-08 08:37:40.336 [main] DEBUG org.example.Main3 - normal.txt Se borro corrctamente
2026-10-08 08:37:40.337 [main] DEBUG org.example.Main3 - Contenido de miDirectorio 
2026-10-08 08:37:40.337 [main] DEBUG org.example.Main3 - -renombrado.txt
2026-10-08 08:38:31.708 [main] DEBUG org.example.Main5 - Ingrese la ruta del directorio
2026-10-08 08:38:46.115 [main] DEBUG org.example.Main5 - Tamaño completo (BYTES): 0.0
2026-10-08 08:38:46.115 [main] DEBUG org.example.Main5 - Tamaño completo (MEGABYTES): 0.0
2026-10-08 08:39:01.975 [main] DEBUG org.example.Main5 - Ingrese la ruta del directorio
2026-10-08 08:39:15.981 [main] DEBUG org.example.Main5 - Ingrese la ruta del directorio
2026-10-08 08:39:18.178 [main] DEBUG org.example.Main5 - Tamaño completo (BYTES): 2393221.0
2026-10-08 08:39:18.178 [main] DEBUG org.example.Main5 - Tamaño completo (MEGABYTES): 2.282353401184082
2026-10-08 08:55:57.589 [main] DEBUG org.example.Main5 - Ingrese la ruta del directorio
2026-10-08 08:56:08.882 [main] DEBUG org.example.Main5 - Ingrese la ruta del directorio
2026-10-08 08:56:56.515 [main] DEBUG org.example.Main7 - Nº archivos: 0
2026-10-08 08:59:24.524 [main] DEBUG org.example.Main7 - Nº archivos: 3
2026-10-08 09:11:28.570 [main] DEBUG org.example.Main6 - Nº archivos: 3
2026-10-08 09:11:40.054 [main] DEBUG org.example.Main6 - Nº archivos: 0
2026-10-08 09:29:00.946 [main] DEBUG org.example.Main6 - Nº archivos: [Ljava.io.File;@7a69b07
2026-10-08 09:31:33.099 [main] DEBUG org.example.Main6 - Nº archivos: [Ljava.io.File;@7a69b07
2026-10-08 09:31:42.173 [main] DEBUG org.example.Main6 - Nº archivos: [Ljava.io.File;@7a69b07
2026-10-08 09:31:51.976 [main] DEBUG org.example.Main6 - Nº archivos: 3
2026-10-08 09:32:05.119 [main] DEBUG org.example.Main6 - Nº archivos: 3
2026-10-08 09:32:32.868 [main] DEBUG org.example.Main6 - Nº archivos: 3
2026-10-08 09:33:15.106 [main] DEBUG org.example.Main6 - Nº archivos(filtrado): 4
2026-10-08 09:33:15.109 [main] DEBUG org.example.Main6 - Nº archivos(Lambda): 3
2026-10-08 09:40:00.941 [main] DEBUG org.example.Main6 - Nº archivos(filtrado): 4
2026-10-08 09:40:00.943 [main] DEBUG org.example.Main6 - Nº archivos(Lambda): 3
2026-10-08 09:40:23.029 [main] DEBUG org.example.Main6 - Nº archivos(filtrado): 4
2026-10-08 09:40:23.031 [main] DEBUG org.example.Main6 - Nº archivos(Lambda): 3
2026-10-08 09:41:16.720 [main] DEBUG org.example.Main6 - Nº archivos(filtrado): 4
2026-10-08 09:41:16.723 [main] DEBUG org.example.Main6 - Nº archivos(Lambda): 3
2026-10-08 09:43:01.420 [main] DEBUG org.example.Main6 - Nº archivos(filtrado): 4
2026-10-08 09:43:01.422 [main] DEBUG org.example.Main6 - Nº archivos(Lambda): 3
